// Jest Snapshot v1, https://goo.gl/fbAQLP

exports[`renders 1`] = `null`;

exports[`renders children 1`] = `
Array [
  <div
    className=" emotion-0"
  >
    Hello
  </div>,
  <h2
    className=" emotion-0"
  >
    hi
  </h2>,
]
`;
